[gmcontractors.co.uk/index.html]
[backblue.gif]
[fade.gif]
[index.html]
[gmcontractors.co.uk/wp-content/themes/gm_theme/assets/img/constants/gm-socialcard.png]
[www.google-analytics.com/analytics.js]
[gmcontractors.co.uk/wp-includes/css/dist/block-library/style.min6b27.css]
[gmcontractors.co.uk/wp-content/plugins/contact-form-7/includes/css/stylesb62d.css]
[gmcontractors.co.uk/wp-content/plugins/uk-cookie-consent/assets/css/style6b27.css]
[gmcontractors.co.uk/wp-includes/js/jquery/jquery4a5f.js]
[gmcontractors.co.uk/wp-includes/js/jquery/jquery-migrate.min330a.js]
[gmcontractors.co.uk/wp-content/plugins/google-analytics-dashboard-for-wp/assets/js/frontend.min37ad.js]
[gmcontractors.co.uk/xmlrpc0db0.php]
[gmcontractors.co.uk/wp-json/index.html]
[gmcontractors.co.uk/wp-includes/wlwmanifest.xml]
[gmcontractors.co.uk/wp-json/oembed/1.0/embed2cec.json]
[gmcontractors.co.uk/wp-json/oembed/1.0/embedbcae]
[gmcontractors.co.uk/wp-content/themes/gm_theme/favicon.ico]
[gmcontractors.co.uk/wp-content/themes/gm_theme/assets/img/favicon/apple-touch-icon.png]
[gmcontractors.co.uk/wp-content/themes/gm_theme/assets/img/favicon/apple-touch-icon-72x72.png]
[gmcontractors.co.uk/wp-content/themes/gm_theme/assets/img/favicon/apple-touch-icon-114x114.png]
[gmcontractors.co.uk/wp-content/themes/gm_theme/assets/img/favicon/apple-icon-57x57.png]
[gmcontractors.co.uk/wp-content/themes/gm_theme/assets/img/favicon/apple-icon-60x60.png]
[gmcontractors.co.uk/wp-content/themes/gm_theme/assets/img/favicon/apple-icon-72x72.png]
[gmcontractors.co.uk/wp-content/themes/gm_theme/assets/img/favicon/apple-icon-76x76.png]
[gmcontractors.co.uk/wp-content/themes/gm_theme/assets/img/favicon/apple-icon-114x114.png]
[gmcontractors.co.uk/wp-content/themes/gm_theme/assets/img/favicon/apple-icon-120x120.png]
[gmcontractors.co.uk/wp-content/themes/gm_theme/assets/img/favicon/apple-icon-144x144.png]
[gmcontractors.co.uk/wp-content/themes/gm_theme/assets/img/favicon/apple-icon-152x152.png]
[gmcontractors.co.uk/wp-content/themes/gm_theme/assets/img/favicon/apple-icon-180x180.png]
[gmcontractors.co.uk/wp-content/themes/gm_theme/assets/img/favicon/android-icon-192x192.png]
[gmcontractors.co.uk/wp-content/themes/gm_theme/assets/img/favicon/favicon-32x32.png]
[gmcontractors.co.uk/wp-content/themes/gm_theme/assets/img/favicon/favicon-96x96.png]
[gmcontractors.co.uk/wp-content/themes/gm_theme/assets/img/favicon/favicon-16x16.png]
[use.typekit.net/voq2uvn.css]
[cdnjs.cloudflare.com/ajax/libs/slick-carousel/1.9.0/slick.min.css]
[cdnjs.cloudflare.com/ajax/libs/jquery-modal/0.9.1/jquery.modal.min.css]
[cdnjs.cloudflare.com/ajax/libs/venobox/1.8.6/venobox.min.css]
[cdnjs.cloudflare.com/ajax/libs/animsition/4.0.2/css/animsition.min.css]
[gmcontractors.co.uk/wp-content/themes/gm_theme/style.css]
[kit.fontawesome.com/18a78880d9.js]
[gmcontractors.co.uk/wp-content/uploads/2019/08/GM_Highland-Games_6-e1573060499914.jpg]
[gmcontractors.co.uk/projects/index.html]
[gmcontractors.co.uk/about/index.html]
[gmcontractors.co.uk/services/index.html]
[gmcontractors.co.uk/contact/index.html]
[gmcontractors.co.uk/wp-content/uploads/2019/08/contact.jpg]
[gmcontractors.co.uk/wp-content/uploads/2019/08/GM_Lynwood_2-e1573060738923.jpg]
[gmcontractors.co.uk/wp-content/uploads/2019/08/gallery-workshop-1.jpg]
[gmcontractors.co.uk/wp-content/uploads/2019/08/about-01.jpg]
[gmcontractors.co.uk/wp-content/uploads/2019/08/construction-hero.jpg]
[gmcontractors.co.uk/wp-content/uploads/2019/08/timber_systems-e1573059391750.jpg]
[gmcontractors.co.uk/wp-content/uploads/2019/08/gallery-workshop-3-e1573059346746.jpg]
[gmcontractors.co.uk/services/construction/index.html]
[gmcontractors.co.uk/services/timber-systems/index.html]
[gmcontractors.co.uk/wp-content/uploads/2019/08/haulage-2-e1573059416146.jpg]
[gmcontractors.co.uk/services/plant-hire/index.html]
[gmcontractors.co.uk/services/haulage/index.html]
[gmcontractors.co.uk/wp-content/uploads/2020/05/8A4356AF-F792-40E5-8002-EFACC6396690.jpg]
[gmcontractors.co.uk/projects/callater-lodge/index.html]
[gmcontractors.co.uk/wp-content/uploads/2019/08/GM_Drumnagesk_8.jpg]
[gmcontractors.co.uk/projects/drumnagesk/index.html]
[gmcontractors.co.uk/projects/lynwood/index.html]
[gmcontractors.co.uk/wp-content/uploads/2019/08/GM_Highland-Games_1-e1573213910215.jpg]
[gmcontractors.co.uk/projects/highland-games-pavilion/index.html]
[gmcontractors.co.uk/projects/bannatyne-health-club/index.html]
[gmcontractors.co.uk/wp-content/uploads/2019/08/GM_Banatyne1.jpg]
[gmcontractors.co.uk/wp-content/uploads/2020/05/IMG_8755-scaled.jpg]
[gmcontractors.co.uk/projects/alvadell/index.html]
[gmcontractors.co.uk/projects/rothesay-rooms/index.html]
[gmcontractors.co.uk/wp-content/uploads/2019/08/GM_Rothesay-Rooms_1.jpg]
[gmcontractors.co.uk/wp-content/uploads/2019/08/GM_Co-op_Banchory_7.jpg]
[gmcontractors.co.uk/projects/co-op/index.html]
[gmcontractors.co.uk/wp-content/uploads/2019/08/GM_Dess_Fishing_Lodge_5.jpg]
[gmcontractors.co.uk/projects/dess-fishing-lodge/index.html]
[gmcontractors.co.uk/wp-content/uploads/2019/11/drone_NEW.jpg]
[gmcontractors.co.uk/projects/woodside-road/index.html]
[gmcontractors.co.uk/wp-content/themes/gm_theme/assets/js/foundation/jquery.min.js]
[gmcontractors.co.uk/projects/craigmile/index.html]
[gmcontractors.co.uk/projects/sunnyside-house/index.html]
[gmcontractors.co.uk/wp-content/themes/gm_theme/assets/js/foundation/what-input.min.js]
[gmcontractors.co.uk/projects/hilton-house/index.html]
[gmcontractors.co.uk/terms-conditions/index.html]
[gmcontractors.co.uk/wp-content/themes/gm_theme/assets/js/foundation/foundation.min.js]
[gmcontractors.co.uk/privacy-cookies-policy/index.html]
[unpkg.com/scrollreveal@4.0.0/dist/scrollreveal.min.js]
[cdnjs.cloudflare.com/ajax/libs/slick-carousel/1.9.0/slick.min.js]
[cdnjs.cloudflare.com/ajax/libs/jquery-modal/0.9.1/jquery.modal.min.js]
[cdnjs.cloudflare.com/ajax/libs/venobox/1.8.6/venobox.min.js]
[gmcontractors.co.uk/wp-content/themes/gm_theme/assets/js/inViewPort.js]
[gmcontractors.co.uk/wp-content/themes/gm_theme/assets/js/appf700.js]
[cdnjs.cloudflare.com/ajax/libs/animsition/4.0.2/js/animsition.min.js]
[gmcontractors.co.uk/wp-content/themes/gm_theme/assets/js/foundation/lottie.js]
[cdnjs.cloudflare.com/ajax/libs/mixitup/3.3.1/mixitup.js]
[gmcontractors.co.uk/wp-content/plugins/contact-form-7/includes/js/scriptsb62d.js]
[gmcontractors.co.uk/wp-content/plugins/uk-cookie-consent/assets/js/uk-cookie-consent-jsa1ec.js]
[www.google.com/recaptcha/api2a59.js]
[gmcontractors.co.uk/wp-includes/js/wp-embed.min6b27.js]
[gmcontractors.co.uk/index.html]
[gmcontractors.co.uk/wp-includes/css/dist/block-library/style.min6b27.css]
[gmcontractors.co.uk/wp-content/plugins/contact-form-7/images/ajax-loader.gif]
[gmcontractors.co.uk/wp-content/plugins/contact-form-7/includes/css/stylesb62d.css]
[gmcontractors.co.uk/wp-content/plugins/uk-cookie-consent/assets/css/style6b27.css]
[gmcontractors.co.uk/wp-content/themes/gm_theme/assets/img/favicon/apple-touch-icon.html]
[gmcontractors.co.uk/wp-content/themes/gm_theme/assets/img/favicon/apple-touch-icon-72x72.html]
[gmcontractors.co.uk/wp-content/themes/gm_theme/assets/img/favicon/apple-touch-icon-114x114.html]
[use.typekit.net/af/18401e/00000000000000003b9afb6a/27/le196]
[use.typekit.net/af/18401e/00000000000000003b9afb6a/27/de196]
[use.typekit.net/af/18401e/00000000000000003b9afb6a/27/ae196]
[use.typekit.net/af/d32af1/00000000000000003b9afb69/27/lfdcc]
[use.typekit.net/af/d32af1/00000000000000003b9afb69/27/dfdcc]
[use.typekit.net/af/d32af1/00000000000000003b9afb69/27/afdcc]
[use.typekit.net/af/4e2d77/00000000000000003b9afb6b/27/l5bba]
[use.typekit.net/af/4e2d77/00000000000000003b9afb6b/27/d5bba]
[use.typekit.net/af/4e2d77/00000000000000003b9afb6b/27/a5bba]
[use.typekit.net/af/b1753a/00000000000000003b9afb6c/27/l1f8b]
[use.typekit.net/af/b1753a/00000000000000003b9afb6c/27/d1f8b]
[use.typekit.net/voq2uvn.css]
[s3.amazonaws.com/icomoon.io/114779/Socicon/style01f6.css]
[cdnjs.cloudflare.com/ajax/libs/slick-carousel/1.9.0/slick.min.css]
[cdnjs.cloudflare.com/ajax/libs/jquery-modal/0.9.1/jquery.modal.min.css]
[cdnjs.cloudflare.com/ajax/libs/venobox/1.8.6/venobox.min.css]
[use.typekit.net/af/b1753a/00000000000000003b9afb6c/27/a1f8b]
[cdnjs.cloudflare.com/ajax/libs/animsition/4.0.2/css/animsition.min.css]
[gmcontractors.co.uk/wp-content/themes/gm_theme/style.css]
[gmcontractors.co.uk/wp-content/themes/gm_theme/assets/css/app.css]
[gmcontractors.co.uk/wp-json/oembed/1.0/embedf205.json]
[gmcontractors.co.uk/wp-json/oembed/1.0/embedbb4b]
[gmcontractors.co.uk/wp-content/uploads/2019/08/gm_workshop2.jpg]
[gmcontractors.co.uk/services/index.html]
[gmcontractors.co.uk/wp-json/oembed/1.0/embed2b94.json]
[gmcontractors.co.uk/wp-json/oembed/1.0/embedd0f1]
[gmcontractors.co.uk/projects/index.html]
[gmcontractors.co.uk/wp-json/oembed/1.0/embed0608.json]
[gmcontractors.co.uk/wp-json/oembed/1.0/embedb7fe]
[gmcontractors.co.uk/wp-content/uploads/2019/08/gallery-workshop-2.jpg]
[gmcontractors.co.uk/wp-content/themes/gm_theme/assets/video/gm-construction.webm]
[gmcontractors.co.uk/wp-content/themes/gm_theme/assets/video/gm-construction.mp4]
[gmcontractors.co.uk/wp-content/uploads/2019/08/gm-team-1.jpg]
[gmcontractors.co.uk/wp-content/uploads/2019/08/gm_workshop6.jpg]
[gmcontractors.co.uk/wp-content/uploads/2019/08/gm_workshop7.jpg]
[gmcontractors.co.uk/wp-content/uploads/2019/08/gm_workshop3.jpg]
[gmcontractors.co.uk/wp-content/uploads/2019/08/gm_workshop8.jpg]
[gmcontractors.co.uk/wp-content/uploads/2019/08/gm_workshop1.jpg]
[gmcontractors.co.uk/wp-content/uploads/2019/08/headshot_3.jpg]
[gmcontractors.co.uk/wp-content/uploads/2019/08/headshot_2.jpg]
[gmcontractors.co.uk/wp-content/uploads/2019/08/gm-avatar.jpg]
[gmcontractors.co.uk/wp-content/uploads/2019/08/headshot_1.jpg]
[gmcontractors.co.uk/about/index.html]
[gmcontractors.co.uk/wp-json/oembed/1.0/embedf7ef.json]
[gmcontractors.co.uk/wp-json/oembed/1.0/embed0146]
[gmcontractors.co.uk/wp-content/uploads/2019/10/gm_contact.jpg]
[gmcontractors.co.uk/contact/index.html]
[gmcontractors.co.uk/wp-content/themes/gm_theme/assets/img/content/contact/map.svg]
[gmcontractors.co.uk/wp-json/oembed/1.0/embed71c0.json]
[gmcontractors.co.uk/wp-json/oembed/1.0/embede18d]
[gmcontractors.co.uk/wp-content/uploads/2019/08/construction.jpg]
[gmcontractors.co.uk/services/construction/index.html]
[gmcontractors.co.uk/wp-json/oembed/1.0/embed591e.json]
[gmcontractors.co.uk/wp-json/oembed/1.0/embed80ed]
[gmcontractors.co.uk/wp-content/uploads/2019/08/gm_workshop11.jpg]
[gmcontractors.co.uk/services/timber-systems/index.html]
[gmcontractors.co.uk/wp-json/oembed/1.0/embedcc87.json]
[gmcontractors.co.uk/wp-json/oembed/1.0/embed5725]
[gmcontractors.co.uk/wp-content/uploads/2019/08/plant_hire2.jpg]
[gmcontractors.co.uk/wp-content/uploads/2019/08/haulage-1.jpg]
[gmcontractors.co.uk/wp-content/uploads/2019/08/plant_hire_1a.jpg]
[gmcontractors.co.uk/services/plant-hire/index.html]
[gmcontractors.co.uk/wp-json/oembed/1.0/embed11d2.json]
[gmcontractors.co.uk/wp-json/oembed/1.0/embeda353]
[gmcontractors.co.uk/wp-content/uploads/2019/08/haulage-3.jpg]
[gmcontractors.co.uk/wp-content/uploads/2019/08/Haulage2.jpg]
[gmcontractors.co.uk/wp-content/uploads/2019/08/haulage_gallery-1.jpg]
[gmcontractors.co.uk/services/haulage/index.html]
[gmcontractors.co.uk/wp-json/oembed/1.0/embed8abd.json]
[gmcontractors.co.uk/wp-json/oembed/1.0/embed9ea6]
[gmcontractors.co.uk/wp-content/uploads/2020/05/004BDF3A-1DEF-435C-AEA3-167B4F3AA548.jpg]
[gmcontractors.co.uk/wp-content/uploads/2020/05/AC53928E-8159-47BE-8BFD-1EB413E8F2DB.jpg]
[gmcontractors.co.uk/wp-content/uploads/2020/05/8339498D-4047-4D89-AFB9-892EA87C0323.jpg]
[gmcontractors.co.uk/wp-content/uploads/2020/05/5F8E331B-21E4-48BF-963A-6F3536543B84.jpg]
[gmcontractors.co.uk/wp-content/uploads/2020/05/3F16098B-434E-4CA8-B06A-3FBDC12DC4A4.jpg]
[gmcontractors.co.uk/wp-content/uploads/2020/05/03CA6E8D-120C-4ADC-B778-956BB5164A14.jpg]
[gmcontractors.co.uk/wp-content/uploads/2020/05/C22F1B2B-89F9-45CE-A6CD-1BCBCCB2E3B1.jpg]
[gmcontractors.co.uk/wp-content/uploads/2020/05/45DA12A5-FEF7-4F92-A28B-D4DB7BDA326A.jpg]
[gmcontractors.co.uk/wp-content/uploads/2020/05/8D292ECE-6689-4D3E-A82A-8BADDFEEA26D.jpg]
[gmcontractors.co.uk/wp-content/uploads/2020/05/BCF6AE51-C5EF-4A98-9C2D-1BE44C6A6F6B.jpg]
[gmcontractors.co.uk/wp-content/uploads/2020/05/81128DB0-CCA7-412E-97FD-5769151A0838.jpg]
[gmcontractors.co.uk/wp-content/uploads/2020/05/0F6B21C3-41B1-4632-8EC3-389B6DFFA14A.jpg]
[gmcontractors.co.uk/wp-content/uploads/2020/05/076C62C5-0BC8-43BB-82F2-9A941D0EE195.jpg]
[gmcontractors.co.uk/wp-content/uploads/2020/05/E9A5D938-9D28-47CC-9179-9E750AB9F932-1.jpg]
[gmcontractors.co.uk/wp-content/uploads/2020/05/57884148-7D8E-4B7B-B4B6-67C4153087FD.jpg]
[gmcontractors.co.uk/wp-content/uploads/2020/05/44B346A7-5F64-4191-A39E-4652868D3D31-scaled.jpg]
[gmcontractors.co.uk/wp-content/uploads/2020/05/3A96E824-9B18-421C-8E61-30F1F4878FDE-scaled.jpg]
[gmcontractors.co.uk/wp-content/uploads/2020/05/BDF2EAAF-8424-4EC0-90EA-59E82907BC5E-scaled.jpg]
[gmcontractors.co.uk/wp-content/uploads/2020/05/DA8F56D1-ADAB-4A5D-894B-0DD0F1D1FC97-scaled.jpg]
[gmcontractors.co.uk/wp-content/uploads/2020/05/1887463C-41B1-4CD1-952A-D60C0D50C57A-scaled.jpg]
[gmcontractors.co.uk/wp-content/uploads/2020/05/3CF4C083-8FCB-41A3-A6A5-4B13D10A59B2-scaled.jpg]
[gmcontractors.co.uk/wp-content/uploads/2020/05/28E0E386-F425-4DB1-9039-389E113E71E5-scaled.jpg]
[gmcontractors.co.uk/projects/callater-lodge/index.html]
[gmcontractors.co.uk/wp-json/oembed/1.0/embede630.json]
[gmcontractors.co.uk/wp-json/oembed/1.0/embedba1d]
[gmcontractors.co.uk/wp-content/uploads/2019/08/GM_Lynwood_4-e1573060659409.jpg]
[gmcontractors.co.uk/wp-content/uploads/2019/08/GM_Lynwood_5-e1573060675475.jpg]
[gmcontractors.co.uk/wp-content/uploads/2019/08/GM_Lynwood_6-e1573060692586.jpg]
[gmcontractors.co.uk/wp-content/uploads/2019/08/GM_Lynwood_3-e1573060708334.jpg]
[gmcontractors.co.uk/wp-content/uploads/2019/08/GM_Lynwood_7.jpg]
[gmcontractors.co.uk/projects/lynwood/index.html]
[gmcontractors.co.uk/wp-json/oembed/1.0/embed3cb5.json]
[gmcontractors.co.uk/wp-json/oembed/1.0/embed2926]
[gmcontractors.co.uk/wp-content/uploads/2019/08/GM_Drumnagesk_6.jpg]
[gmcontractors.co.uk/wp-content/uploads/2019/08/GM_Drumnagesk_4.jpg]
[gmcontractors.co.uk/wp-content/uploads/2019/08/GM_Drumnagesk_3.jpg]
[gmcontractors.co.uk/wp-content/uploads/2019/08/GM_Drumnagesk_2.jpg]
[gmcontractors.co.uk/wp-content/uploads/2019/08/GM_Drumnagesk_1.jpg]
[gmcontractors.co.uk/wp-content/uploads/2019/08/GM_Drumnagesk_7.jpg]
[gmcontractors.co.uk/projects/drumnagesk/index.html]
[gmcontractors.co.uk/wp-json/oembed/1.0/embedc08f.json]
[gmcontractors.co.uk/wp-json/oembed/1.0/embed35d0]
[gmcontractors.co.uk/wp-content/uploads/2019/08/GM_Highland-Games_2-e1573060420438.jpg]
[gmcontractors.co.uk/wp-content/uploads/2019/08/GM_Highland-Games_3-e1573060441152.jpg]
[gmcontractors.co.uk/wp-content/uploads/2019/08/GM_Highland-Games_4-e1573060457888.jpg]
[gmcontractors.co.uk/wp-content/uploads/2019/08/GM_Highland-Games_7-e1573060477505.jpg]
[gmcontractors.co.uk/wp-content/uploads/2019/08/GM_Highland-Games_5.jpg]
[gmcontractors.co.uk/projects/highland-games-pavilion/index.html]
[gmcontractors.co.uk/wp-json/oembed/1.0/embed59ed.json]
[gmcontractors.co.uk/wp-json/oembed/1.0/embeddf4e]
[gmcontractors.co.uk/wp-content/uploads/2019/08/GM_Bannatyne2.jpg]
[gmcontractors.co.uk/wp-content/uploads/2019/08/GM_Bannatyne3.jpg]
[gmcontractors.co.uk/projects/bannatyne-health-club/index.html]
[gmcontractors.co.uk/wp-json/oembed/1.0/embedbbdf.json]
[gmcontractors.co.uk/wp-json/oembed/1.0/embed73f1]
[gmcontractors.co.uk/wp-content/uploads/2020/05/IMG_8837-scaled.jpg]
[gmcontractors.co.uk/wp-content/uploads/2020/05/IMG_8813-scaled.jpg]
[gmcontractors.co.uk/wp-content/uploads/2020/05/IMG_8774-scaled.jpg]
[gmcontractors.co.uk/wp-content/uploads/2020/05/IMG_8718-scaled.jpg]
[gmcontractors.co.uk/wp-content/uploads/2020/05/IMG_8970-scaled.jpg]
[gmcontractors.co.uk/wp-content/uploads/2020/05/IMG_8950-scaled.jpg]
[gmcontractors.co.uk/projects/alvadell/www.fiddesarchitects.com]
[gmcontractors.co.uk/projects/alvadell/index.html]
[gmcontractors.co.uk/wp-json/oembed/1.0/embed873f.json]
[gmcontractors.co.uk/wp-json/oembed/1.0/embedc116]
[gmcontractors.co.uk/wp-content/uploads/2019/08/GM_Rothesay-Rooms_3.jpg]
[gmcontractors.co.uk/wp-content/uploads/2019/08/GM_Rothesay-Rooms_4.jpg]
[gmcontractors.co.uk/wp-content/uploads/2019/08/GM_Rothesay-Rooms_2.jpg]
[gmcontractors.co.uk/wp-content/uploads/2019/08/GM_Rothesay-Rooms_5.jpg]
[gmcontractors.co.uk/wp-content/uploads/2019/08/rothesay.jpg]
[gmcontractors.co.uk/projects/rothesay-rooms/index.html]
[gmcontractors.co.uk/wp-json/oembed/1.0/embed43d7.json]
[gmcontractors.co.uk/wp-json/oembed/1.0/embedb8da]
[gmcontractors.co.uk/wp-content/uploads/2019/08/GM_Co-op_Banchory_3.jpg]
[gmcontractors.co.uk/wp-content/uploads/2019/08/GM_Co-op_Banchory_5.jpg]
[gmcontractors.co.uk/wp-content/uploads/2019/08/GM_Co-op_Banchory_4.jpg]
[gmcontractors.co.uk/wp-content/uploads/2019/08/GM_Co-op_Banchory_6.jpg]
[gmcontractors.co.uk/wp-content/uploads/2019/08/GM_Co-op_Banchory_1.jpg]
[gmcontractors.co.uk/projects/co-op/index.html]
[gmcontractors.co.uk/wp-json/oembed/1.0/embedf1bb.json]
[gmcontractors.co.uk/wp-json/oembed/1.0/embedd04a]
[gmcontractors.co.uk/wp-content/uploads/2019/08/GM_Dess_Fishing_Lodge_4.jpg]
[gmcontractors.co.uk/wp-content/uploads/2019/08/GM_Dess_Fishing_Lodge_1.jpg]
[gmcontractors.co.uk/wp-content/uploads/2019/08/GM_Dess_Fishing_Lodge_3.jpg]
[gmcontractors.co.uk/wp-content/uploads/2019/08/GM_Dess_Fishing_Lodge_2.jpg]
[gmcontractors.co.uk/wp-content/uploads/2019/08/fishing_lodge.jpg]
[gmcontractors.co.uk/projects/dess-fishing-lodge/index.html]
[gmcontractors.co.uk/wp-json/oembed/1.0/embeda4a7.json]
[gmcontractors.co.uk/wp-json/oembed/1.0/embed039f]
[gmcontractors.co.uk/projects/woodside-road/index.html]
[gmcontractors.co.uk/wp-json/oembed/1.0/embedffd2.json]
[gmcontractors.co.uk/wp-json/oembed/1.0/embed606f]
[gmcontractors.co.uk/projects/sunnyside-house/index.html]
[gmcontractors.co.uk/wp-json/oembed/1.0/embed4022.json]
[gmcontractors.co.uk/wp-json/oembed/1.0/embed7b12]
[gmcontractors.co.uk/projects/craigmile/index.html]
[gmcontractors.co.uk/wp-json/oembed/1.0/embed68bc.json]
[gmcontractors.co.uk/wp-json/oembed/1.0/embed6b04]
[gmcontractors.co.uk/projects/hilton-house/index.html]
[gmcontractors.co.uk/wp-json/oembed/1.0/embed060e.json]
[gmcontractors.co.uk/terms-conditions/index.html]
[gmcontractors.co.uk/wp-json/oembed/1.0/embedc106]
[gmcontractors.co.uk/wp-json/oembed/1.0/embed4c55.json]
[gmcontractors.co.uk/privacy-cookies-policy/index.html]
[gmcontractors.co.uk/wp-content/themes/gm_theme/assets/js/foundation/what-input.min.html]
[p.typekit.net/p9ffd.css]
[gmcontractors.co.uk/wp-json/oembed/1.0/embed363d]
[gmcontractors.co.uk/wp-content/themes/gm_theme/assets/img/backgrounds/logo-m-bg.svg]
[gmcontractors.co.uk/wp-content/themes/gm_theme/assets/img/interface/sound-on.png]
[gmcontractors.co.uk/wp-content/themes/gm_theme/assets/img/interface/sound-off.png]
[gmcontractors.co.uk/wp-content/themes/gm_theme/assets/css/app.css]
[gmcontractors.co.uk/indexb5fb.html]
[gmcontractors.co.uk/index5757.html]
[gmcontractors.co.uk/indexc4f7.html]
[gmcontractors.co.uk/indexa1ca.html]
[gmcontractors.co.uk/wp-content/themes/gm_theme/assets/img/content/contact/map.svg]
[gmcontractors.co.uk/index44d0.html]
[gmcontractors.co.uk/index287b.html]
[gmcontractors.co.uk/index55e4.html]
[gmcontractors.co.uk/index735a.html]
[gmcontractors.co.uk/indexf5a4.html]
[gmcontractors.co.uk/index6f72.html]
[gmcontractors.co.uk/indexb6ad.html]
[gmcontractors.co.uk/index3f5a.html]
[gmcontractors.co.uk/indexe6f0.html]
[gmcontractors.co.uk/index17f1.html]
[gmcontractors.co.uk/projects/alvadell/www.fiddesarchitects.html]
[gmcontractors.co.uk/indexc5eb.html]
[gmcontractors.co.uk/index198a.html]
[gmcontractors.co.uk/index5401.html]
[gmcontractors.co.uk/index2325.html]
[gmcontractors.co.uk/indexcaf0.html]
[gmcontractors.co.uk/indexc351.html]
[gmcontractors.co.uk/indexb190.html]
[gmcontractors.co.uk/index94b0.html]
[gmcontractors.co.uk/index5831.html]
[gmcontractors.co.uk/wp-content/themes/gm_theme/assets/img/backgrounds/logo-m-bg.svg]
[gmcontractors.co.uk/wp-content/themes/gm_theme/assets/img/interface/dropdown.svg]
